Traceback (most recent call last):
  File "/gpfsnyu/home/km3888/oyster/rand_param_envs/gym/envs/mujoco/mujoco_env.py", line 11, in <module>
    from rand_param_envs import mujoco_py
  File "/gpfsnyu/home/km3888/oyster/rand_param_envs/mujoco_py/__init__.py", line 4, in <module>
    from .mjviewer import MjViewer
  File "/gpfsnyu/home/km3888/oyster/rand_param_envs/mujoco_py/mjviewer.py", line 8, in <module>
    import OpenGL.GL as gl
ModuleNotFoundError: No module named 'OpenGL'

During handling of the above exception, another exception occurred:

Traceback (most recent call last):
  File "/gpfsnyu/home/km3888/oyster/launch_experiment.py", line 12, in <module>
    from rlkit.envs import ENVS
  File "/gpfsnyu/home/km3888/oyster/rlkit/envs/__init__.py", line 26, in <module>
    importlib.import_module('rlkit.envs.' + module)
  File "/gpfsnyu/home/km3888/.conda/envs/rl/lib/python3.6/importlib/__init__.py", line 126, in import_module
    return _bootstrap._gcd_import(name[level:], package, level)
  File "/gpfsnyu/home/km3888/oyster/rlkit/envs/walker_rand_params_wrapper.py", line 2, in <module>
    from rand_param_envs.walker2d_rand_params import Walker2DRandParamsEnv
  File "/gpfsnyu/home/km3888/oyster/rand_param_envs/__init__.py", line 1, in <module>
    from rand_param_envs.base import MetaEnv
  File "/gpfsnyu/home/km3888/oyster/rand_param_envs/base.py", line 2, in <module>
    from rand_param_envs.gym.envs.mujoco import MujocoEnv
  File "/gpfsnyu/home/km3888/oyster/rand_param_envs/gym/envs/mujoco/__init__.py", line 1, in <module>
    from rand_param_envs.gym.envs.mujoco.mujoco_env import MujocoEnv
  File "/gpfsnyu/home/km3888/oyster/rand_param_envs/gym/envs/mujoco/mujoco_env.py", line 14, in <module>
    raise error.DependencyNotInstalled("{}. (HINT: you need to install mujoco_py, and also perform the setup instructions here: https://github.com/openai/mujoco-py/.)".format(e))
rand_param_envs.gym.error.DependencyNotInstalled: No module named 'OpenGL'. (HINT: you need to install mujoco_py, and also perform the setup instructions here: https://github.com/openai/mujoco-py/.)
